env: loaded 1 file(s) (values not printed)
mainnet: blocks 25960306..25960308 (head 25960383, attested tip 25960340, finality depth 32) — 0 TreeChanged tx(s)
sepolia: blocks 11687748..11687918 (head 11687990, attested tip 11687950, finality depth 32) — 0 TreeChanged tx(s)
sleeping 60000ms…
mainnet: blocks 25960309..25960318 (head 25960388, attested tip 25960350, finality depth 32) — 0 TreeChanged tx(s)
sepolia: blocks 11687919..11687918 (head 11687993, attested tip 11687950, finality depth 32) — 0 TreeChanged tx(s)
sleeping 60000ms…
mainnet: blocks 25960319..25960318 (head 25960393, attested tip 25960350, finality depth 32) — 0 TreeChanged tx(s)
sepolia: blocks 11687919..11687928 (head 11687998, attested tip 11687960, finality depth 32) — 0 TreeChanged tx(s)
sleeping 60000ms…
mainnet: blocks 25960319..25960328 (head 25960399, attested tip 25960360, finality depth 32) — 0 TreeChanged tx(s)
sepolia: blocks 11687929..11687928 (head 11688003, attested tip 11687960, finality depth 32) — 0 TreeChanged tx(s)
sleeping 60000ms…
mainnet: blocks 25960329..25960328 (head 25960404, attested tip 25960360, finality depth 32) — 0 TreeChanged tx(s)
sepolia: blocks 11687929..11687938 (head 11688008, attested tip 11687970, finality depth 32) — 0 TreeChanged tx(s)
sleeping 60000ms…
mainnet: blocks 25960329..25960338 (head 25960409, attested tip 25960370, finality depth 32) — 0 TreeChanged tx(s)
sepolia: blocks 11687939..11687938 (head 11688013, attested tip 11687970, finality depth 32) — 0 TreeChanged tx(s)
sleeping 60000ms…
mainnet: blocks 25960339..25960338 (head 25960414, attested tip 25960370, finality depth 32) — 0 TreeChanged tx(s)
sepolia: blocks 11687939..11687948 (head 11688019, attested tip 11687980, finality depth 32) — 0 TreeChanged tx(s)
sleeping 60000ms…
mainnet: blocks 25960339..25960348 (head 25960420, attested tip 25960380, finality depth 32) — 0 TreeChanged tx(s)
sepolia: blocks 11687949..11687948 (head 11688024, attested tip 11687980, finality depth 32) — 0 TreeChanged tx(s)
sleeping 60000ms…
mainnet: blocks 25960349..25960348 (head 25960425, attested tip 25960380, finality depth 32) — 0 TreeChanged tx(s)
sepolia: blocks 11687949..11687958 (head 11688028, attested tip 11687990, finality depth 32) — 0 TreeChanged tx(s)
sleeping 60000ms…
mainnet: blocks 25960349..25960358 (head 25960430, attested tip 25960390, finality depth 32) — 0 TreeChanged tx(s)
sepolia: blocks 11687959..11687958 (head 11688033, attested tip 11687990, finality depth 32) — 0 TreeChanged tx(s)
sleeping 60000ms…
mainnet: blocks 25960359..25960368 (head 25960435, attested tip 25960400, finality depth 32) — 0 TreeChanged tx(s)
sepolia: blocks 11687959..11687968 (head 11688039, attested tip 11688000, finality depth 32) — 0 TreeChanged tx(s)
sleeping 60000ms…
mainnet: blocks 25960369..25960368 (head 25960441, attested tip 25960400, finality depth 32) — 0 TreeChanged tx(s)
sepolia: blocks 11687969..11687968 (head 11688044, attested tip 11688000, finality depth 32) — 0 TreeChanged tx(s)
sleeping 60000ms…
mainnet: blocks 25960369..25960378 (head 25960446, attested tip 25960410, finality depth 32) — 0 TreeChanged tx(s)
sepolia: blocks 11687969..11687978 (head 11688049, attested tip 11688010, finality depth 32) — 0 TreeChanged tx(s)
sleeping 60000ms…
mainnet: blocks 25960379..25960378 (head 25960451, attested tip 25960410, finality depth 32) — 0 TreeChanged tx(s)
sepolia: blocks 11687979..11687978 (head 11688053, attested tip 11688010, finality depth 32) — 0 TreeChanged tx(s)
sleeping 60000ms…
mainnet: blocks 25960379..25960388 (head 25960456, attested tip 25960420, finality depth 32) — 0 TreeChanged tx(s)
sepolia: blocks 11687979..11687988 (head 11688058, attested tip 11688020, finality depth 32) — 0 TreeChanged tx(s)
sleeping 60000ms…
mainnet: blocks 25960389..25960388 (head 25960461, attested tip 25960420, finality depth 32) — 0 TreeChanged tx(s)
sepolia: blocks 11687989..11687988 (head 11688064, attested tip 11688020, finality depth 32) — 0 TreeChanged tx(s)
sleeping 60000ms…
mainnet: blocks 25960389..25960398 (head 25960467, attested tip 25960430, finality depth 32) — 0 TreeChanged tx(s)
sepolia: blocks 11687989..11687998 (head 11688069, attested tip 11688030, finality depth 32) — 0 TreeChanged tx(s)
sleeping 60000ms…
mainnet: blocks 25960399..25960398 (head 25960472, attested tip 25960430, finality depth 32) — 0 TreeChanged tx(s)
sepolia: blocks 11687999..11687998 (head 11688074, attested tip 11688030, finality depth 32) — 0 TreeChanged tx(s)
sleeping 60000ms…
mainnet: blocks 25960399..25960408 (head 25960477, attested tip 25960440, finality depth 32) — 0 TreeChanged tx(s)
sepolia: blocks 11687999..11688008 (head 11688079, attested tip 11688040, finality depth 32) — 0 TreeChanged tx(s)
sleeping 60000ms…
mainnet: blocks 25960409..25960408 (head 25960483, attested tip 25960440, finality depth 32) — 0 TreeChanged tx(s)
sepolia: blocks 11688009..11688008 (head 11688084, attested tip 11688040, finality depth 32) — 0 TreeChanged tx(s)
sleeping 60000ms…
mainnet: blocks 25960409..25960418 (head 25960488, attested tip 25960450, finality depth 32) — 0 TreeChanged tx(s)
sepolia: blocks 11688009..11688018 (head 11688089, attested tip 11688050, finality depth 32) — 0 TreeChanged tx(s)
sleeping 60000ms…
mainnet: blocks 25960419..25960418 (head 25960493, attested tip 25960450, finality depth 32) — 0 TreeChanged tx(s)
sepolia: blocks 11688019..11688018 (head 11688094, attested tip 11688050, finality depth 32) — 0 TreeChanged tx(s)
sleeping 60000ms…
mainnet: blocks 25960419..25960428 (head 25960498, attested tip 25960460, finality depth 32) — 0 TreeChanged tx(s)
sepolia: blocks 11688019..11688028 (head 11688100, attested tip 11688060, finality depth 32) — 0 TreeChanged tx(s)
sleeping 60000ms…
mainnet: blocks 25960429..25960428 (head 25960504, attested tip 25960460, finality depth 32) — 0 TreeChanged tx(s)
sepolia: blocks 11688029..11688028 (head 11688105, attested tip 11688060, finality depth 32) — 0 TreeChanged tx(s)
sleeping 60000ms…
mainnet: blocks 25960429..25960438 (head 25960509, attested tip 25960470, finality depth 32) — 0 TreeChanged tx(s)
sepolia: blocks 11688029..11688038 (head 11688110, attested tip 11688070, finality depth 32) — 0 TreeChanged tx(s)
sleeping 60000ms…
mainnet: blocks 25960439..25960438 (head 25960514, attested tip 25960470, finality depth 32) — 0 TreeChanged tx(s)
sepolia: blocks 11688039..11688048 (head 11688115, attested tip 11688080, finality depth 32) — 1 TreeChanged tx(s)
→ 1 tx(s), blocks 11688043..11688043 (span 0)
  execute calldata 6276 bytes
  precompile verifySingle: true
  gas estimate 297954 (limit 387340)
  submitted 0x42c2362661c27fd6f0e171c4654726d93b6674ca281627436c9c6ebbd4c8e0cb
  relayed root 0x0197723e671a2d67… (+100 humans, lag 924s)
  [sepolia] relayed single 1 tx 11688043..11688043 6276B https://creditcoin-testnet.blockscout.com/tx/0x42c2362661c27fd6f0e171c4654726d93b6674ca281627436c9c6ebbd4c8e0cb
sleeping 60000ms…
mainnet: blocks 25960439..25960448 (head 25960522, attested tip 25960480, finality depth 32) — 0 TreeChanged tx(s)
sepolia: blocks 11688044..11688048 (head 11688123, attested tip 11688080, finality depth 32) — 0 TreeChanged tx(s)
sleeping 60000ms…
mainnet: blocks 25960449..25960458 (head 25960527, attested tip 25960490, finality depth 32) — 0 TreeChanged tx(s)
sepolia: blocks 11688049..11688058 (head 11688128, attested tip 11688090, finality depth 32) — 0 TreeChanged tx(s)
sleeping 60000ms…
mainnet: blocks 25960459..25960458 (head 25960532, attested tip 25960490, finality depth 32) — 0 TreeChanged tx(s)
sepolia: blocks 11688059..11688058 (head 11688133, attested tip 11688090, finality depth 32) — 0 TreeChanged tx(s)
sleeping 60000ms…
mainnet: blocks 25960459..25960468 (head 25960537, attested tip 25960500, finality depth 32) — 0 TreeChanged tx(s)
sepolia: blocks 11688059..11688068 (head 11688138, attested tip 11688100, finality depth 32) — 0 TreeChanged tx(s)
sleeping 60000ms…
mainnet: blocks 25960469..25960468 (head 25960543, attested tip 25960500, finality depth 32) — 0 TreeChanged tx(s)
sepolia: blocks 11688069..11688068 (head 11688144, attested tip 11688100, finality depth 32) — 0 TreeChanged tx(s)
sleeping 60000ms…
mainnet: blocks 25960469..25960478 (head 25960548, attested tip 25960510, finality depth 32) — 0 TreeChanged tx(s)
sepolia: blocks 11688069..11688078 (head 11688149, attested tip 11688110, finality depth 32) — 0 TreeChanged tx(s)
sleeping 60000ms…
mainnet: blocks 25960479..25960478 (head 25960553, attested tip 25960510, finality depth 32) — 0 TreeChanged tx(s)
sepolia: blocks 11688079..11688078 (head 11688154, attested tip 11688110, finality depth 32) — 0 TreeChanged tx(s)
sleeping 60000ms…
mainnet: blocks 25960479..25960488 (head 25960558, attested tip 25960520, finality depth 32) — 0 TreeChanged tx(s)
sepolia: blocks 11688079..11688088 (head 11688159, attested tip 11688120, finality depth 32) — 0 TreeChanged tx(s)
sleeping 60000ms…
mainnet: blocks 25960489..25960488 (head 25960564, attested tip 25960520, finality depth 32) — 0 TreeChanged tx(s)
sepolia: blocks 11688089..11688088 (head 11688165, attested tip 11688120, finality depth 32) — 0 TreeChanged tx(s)
sleeping 60000ms…
mainnet: blocks 25960489..25960498 (head 25960569, attested tip 25960530, finality depth 32) — 0 TreeChanged tx(s)
sepolia: blocks 11688089..11688098 (head 11688170, attested tip 11688130, finality depth 32) — 0 TreeChanged tx(s)
sleeping 60000ms…
mainnet: blocks 25960499..25960498 (head 25960574, attested tip 25960530, finality depth 32) — 0 TreeChanged tx(s)
sepolia: blocks 11688099..11688108 (head 11688175, attested tip 11688140, finality depth 32) — 0 TreeChanged tx(s)
sleeping 60000ms…
mainnet: blocks 25960499..25960508 (head 25960579, attested tip 25960540, finality depth 32) — 0 TreeChanged tx(s)
sepolia: blocks 11688109..11688108 (head 11688180, attested tip 11688140, finality depth 32) — 0 TreeChanged tx(s)
sleeping 60000ms…
mainnet: blocks 25960509..25960508 (head 25960585, attested tip 25960540, finality depth 32) — 0 TreeChanged tx(s)
sepolia: blocks 11688109..11688118 (head 11688186, attested tip 11688150, finality depth 32) — 0 TreeChanged tx(s)
sleeping 60000ms…
mainnet: blocks 25960509..25960518 (head 25960590, attested tip 25960550, finality depth 32) — 0 TreeChanged tx(s)
sepolia: blocks 11688119..11688118 (head 11688191, attested tip 11688150, finality depth 32) — 0 TreeChanged tx(s)
sleeping 60000ms…
mainnet: blocks 25960519..25960528 (head 25960596, attested tip 25960560, finality depth 32) — 0 TreeChanged tx(s)
sepolia: blocks 11688119..11688128 (head 11688197, attested tip 11688160, finality depth 32) — 0 TreeChanged tx(s)
sleeping 60000ms…
mainnet: blocks 25960529..25960528 (head 25960601, attested tip 25960560, finality depth 32) — 0 TreeChanged tx(s)
sepolia: blocks 11688129..11688128 (head 11688201, attested tip 11688160, finality depth 32) — 0 TreeChanged tx(s)
sleeping 60000ms…
mainnet: blocks 25960529..25960538 (head 25960607, attested tip 25960570, finality depth 32) — 0 TreeChanged tx(s)
sepolia: blocks 11688129..11688138 (head 11688207, attested tip 11688170, finality depth 32) — 0 TreeChanged tx(s)
sleeping 60000ms…
mainnet: blocks 25960539..25960538 (head 25960612, attested tip 25960570, finality depth 32) — 0 TreeChanged tx(s)
sepolia: blocks 11688139..11688138 (head 11688211, attested tip 11688170, finality depth 32) — 0 TreeChanged tx(s)
sleeping 60000ms…
mainnet: blocks 25960539..25960548 (head 25960617, attested tip 25960580, finality depth 32) — 0 TreeChanged tx(s)
sepolia: blocks 11688139..11688148 (head 11688217, attested tip 11688180, finality depth 32) — 0 TreeChanged tx(s)
sleeping 60000ms…
mainnet: blocks 25960549..25960548 (head 25960623, attested tip 25960580, finality depth 32) — 0 TreeChanged tx(s)
sepolia: blocks 11688149..11688148 (head 11688222, attested tip 11688180, finality depth 32) — 0 TreeChanged tx(s)
sleeping 60000ms…
mainnet: blocks 25960549..25960558 (head 25960628, attested tip 25960590, finality depth 32) — 0 TreeChanged tx(s)
sepolia: blocks 11688149..11688158 (head 11688227, attested tip 11688190, finality depth 32) — 0 TreeChanged tx(s)
sleeping 60000ms…
mainnet: blocks 25960559..25960558 (head 25960633, attested tip 25960590, finality depth 32) — 0 TreeChanged tx(s)
sepolia: blocks 11688159..11688158 (head 11688233, attested tip 11688190, finality depth 32) — 0 TreeChanged tx(s)
sleeping 60000ms…
mainnet: blocks 25960559..25960568 (head 25960639, attested tip 25960600, finality depth 32) — 0 TreeChanged tx(s)
sepolia: blocks 11688159..11688168 (head 11688238, attested tip 11688200, finality depth 32) — 0 TreeChanged tx(s)
sleeping 60000ms…
mainnet: blocks 25960569..25960568 (head 25960644, attested tip 25960600, finality depth 32) — 0 TreeChanged tx(s)
sepolia: blocks 11688169..11688168 (head 11688243, attested tip 11688200, finality depth 32) — 0 TreeChanged tx(s)
sleeping 60000ms…
mainnet: blocks 25960569..25960578 (head 25960649, attested tip 25960610, finality depth 32) — 0 TreeChanged tx(s)
sepolia: blocks 11688169..11688178 (head 11688248, attested tip 11688210, finality depth 32) — 0 TreeChanged tx(s)
sleeping 60000ms…
mainnet: blocks 25960579..25960578 (head 25960655, attested tip 25960610, finality depth 32) — 0 TreeChanged tx(s)
sepolia: blocks 11688179..11688178 (head 11688252, attested tip 11688210, finality depth 32) — 0 TreeChanged tx(s)
sleeping 60000ms…
mainnet: blocks 25960579..25960588 (head 25960660, attested tip 25960620, finality depth 32) — 0 TreeChanged tx(s)
sepolia: blocks 11688179..11688188 (head 11688258, attested tip 11688220, finality depth 32) — 0 TreeChanged tx(s)
sleeping 60000ms…
mainnet: blocks 25960589..25960588 (head 25960665, attested tip 25960620, finality depth 32) — 0 TreeChanged tx(s)
sepolia: blocks 11688189..11688188 (head 11688263, attested tip 11688220, finality depth 32) — 0 TreeChanged tx(s)
sleeping 60000ms…
mainnet: blocks 25960589..25960598 (head 25960670, attested tip 25960630, finality depth 32) — 0 TreeChanged tx(s)
sepolia: blocks 11688189..11688198 (head 11688268, attested tip 11688230, finality depth 32) — 0 TreeChanged tx(s)
sleeping 60000ms…
mainnet: blocks 25960599..25960608 (head 25960676, attested tip 25960640, finality depth 32) — 0 TreeChanged tx(s)
sepolia: blocks 11688199..11688208 (head 11688275, attested tip 11688240, finality depth 32) — 0 TreeChanged tx(s)
sleeping 60000ms…
mainnet: blocks 25960609..25960608 (head 25960681, attested tip 25960640, finality depth 32) — 0 TreeChanged tx(s)
sepolia: blocks 11688209..11688208 (head 11688280, attested tip 11688240, finality depth 32) — 0 TreeChanged tx(s)
sleeping 60000ms…
mainnet: blocks 25960609..25960618 (head 25960687, attested tip 25960650, finality depth 32) — 0 TreeChanged tx(s)
sepolia: blocks 11688209..11688218 (head 11688285, attested tip 11688250, finality depth 32) — 0 TreeChanged tx(s)
sleeping 60000ms…
mainnet: blocks 25960619..25960618 (head 25960692, attested tip 25960650, finality depth 32) — 0 TreeChanged tx(s)
sepolia: blocks 11688219..11688218 (head 11688290, attested tip 11688250, finality depth 32) — 0 TreeChanged tx(s)
sleeping 60000ms…
mainnet: blocks 25960619..25960628 (head 25960697, attested tip 25960660, finality depth 32) — 0 TreeChanged tx(s)
sepolia: blocks 11688219..11688228 (head 11688296, attested tip 11688260, finality depth 32) — 0 TreeChanged tx(s)
sleeping 60000ms…
